[    6792ms] [ERROR] Failed to load resource: net::ERR_FILE_NOT_FOUND @ filesystem:https://docs.google.com/persistent/docs/fonts/ijwRs57lRMAkZYJiwPkexkNE.woff2:0
[    6793ms] [ERROR] Failed to load resource: net::ERR_FILE_NOT_FOUND @ filesystem:https://docs.google.com/persistent/docs/fonts/ijwTs57lRMAkZYJiwPkexnNDfJ4.woff2:0
[    6795ms] [ERROR] Failed to load resource: net::ERR_FILE_NOT_FOUND @ filesystem:https://docs.google.com/persistent/docs/fonts/ijwMs57lRMAkZYJiwPkexnv9Wbv_.woff2:0
[    6797ms] [ERROR] Failed to load resource: net::ERR_FILE_NOT_FOUND @ filesystem:https://docs.google.com/persistent/docs/fonts/ijwOs57lRMAkZYJiwPkexnNDRCf_4uQ.woff2:0
[   63152ms] [ERROR] Failed to load resource: net::ERR_FILE_NOT_FOUND @ filesystem:https://docs.google.com/persistent/docs/fonts/ijwRs57lRMAkZYJiwPkexkNE.woff2:0
[   63154ms] [ERROR] Failed to load resource: net::ERR_FILE_NOT_FOUND @ filesystem:https://docs.google.com/persistent/docs/fonts/ijwTs57lRMAkZYJiwPkexnNDfJ4.woff2:0
[   63155ms] [ERROR] Failed to load resource: net::ERR_FILE_NOT_FOUND @ filesystem:https://docs.google.com/persistent/docs/fonts/ijwMs57lRMAkZYJiwPkexnv9Wbv_.woff2:0
[   63157ms] [ERROR] Failed to load resource: net::ERR_FILE_NOT_FOUND @ filesystem:https://docs.google.com/persistent/docs/fonts/ijwOs57lRMAkZYJiwPkexnNDRCf_4uQ.woff2:0
[   72630ms] [ERROR] Failed to load resource: net::ERR_FILE_NOT_FOUND @ filesystem:https://docs.google.com/persistent/docs/fonts/ijwRs57lRMAkZYJiwPkexkNE.woff2:0
[   72630ms] [ERROR] Failed to load resource: net::ERR_FILE_NOT_FOUND @ filesystem:https://docs.google.com/persistent/docs/fonts/ijwTs57lRMAkZYJiwPkexnNDfJ4.woff2:0
[   72630ms] [ERROR] Failed to load resource: net::ERR_FILE_NOT_FOUND @ filesystem:https://docs.google.com/persistent/docs/fonts/ijwMs57lRMAkZYJiwPkexnv9Wbv_.woff2:0
[   72631ms] [ERROR] Failed to load resource: net::ERR_FILE_NOT_FOUND @ filesystem:https://docs.google.com/persistent/docs/fonts/ijwOs57lRMAkZYJiwPkexnNDRCf_4uQ.woff2:0
[   78767ms] [ERROR] Failed to load resource: net::ERR_FILE_NOT_FOUND @ filesystem:https://docs.google.com/persistent/docs/fonts/ijwRs57lRMAkZYJiwPkexkNE.woff2:0
[   78768ms] [ERROR] Failed to load resource: net::ERR_FILE_NOT_FOUND @ filesystem:https://docs.google.com/persistent/docs/fonts/ijwTs57lRMAkZYJiwPkexnNDfJ4.woff2:0
[   78768ms] [ERROR] Failed to load resource: net::ERR_FILE_NOT_FOUND @ filesystem:https://docs.google.com/persistent/docs/fonts/ijwMs57lRMAkZYJiwPkexnv9Wbv_.woff2:0
[   78768ms] [ERROR] Failed to load resource: net::ERR_FILE_NOT_FOUND @ filesystem:https://docs.google.com/persistent/docs/fonts/ijwOs57lRMAkZYJiwPkexnNDRCf_4uQ.woff2:0
[   87796ms] [ERROR] Failed to load resource: net::ERR_FILE_NOT_FOUND @ filesystem:https://docs.google.com/persistent/docs/fonts/ijwRs57lRMAkZYJiwPkexkNE.woff2:0
[   87796ms] [ERROR] Failed to load resource: net::ERR_FILE_NOT_FOUND @ filesystem:https://docs.google.com/persistent/docs/fonts/ijwTs57lRMAkZYJiwPkexnNDfJ4.woff2:0
[   87796ms] [ERROR] Failed to load resource: net::ERR_FILE_NOT_FOUND @ filesystem:https://docs.google.com/persistent/docs/fonts/ijwMs57lRMAkZYJiwPkexnv9Wbv_.woff2:0
[   87796ms] [ERROR] Failed to load resource: net::ERR_FILE_NOT_FOUND @ filesystem:https://docs.google.com/persistent/docs/fonts/ijwOs57lRMAkZYJiwPkexnNDRCf_4uQ.woff2:0
[   92107ms] [ERROR] Failed to load resource: net::ERR_FILE_NOT_FOUND @ filesystem:https://docs.google.com/persistent/docs/fonts/ijwRs57lRMAkZYJiwPkexkNE.woff2:0
[   92107ms] [ERROR] Failed to load resource: net::ERR_FILE_NOT_FOUND @ filesystem:https://docs.google.com/persistent/docs/fonts/ijwTs57lRMAkZYJiwPkexnNDfJ4.woff2:0
[   92108ms] [ERROR] Failed to load resource: net::ERR_FILE_NOT_FOUND @ filesystem:https://docs.google.com/persistent/docs/fonts/ijwMs57lRMAkZYJiwPkexnv9Wbv_.woff2:0
[   92108ms] [ERROR] Failed to load resource: net::ERR_FILE_NOT_FOUND @ filesystem:https://docs.google.com/persistent/docs/fonts/ijwOs57lRMAkZYJiwPkexnNDRCf_4uQ.woff2:0
[  100921ms] [ERROR] Failed to load resource: net::ERR_FILE_NOT_FOUND @ filesystem:https://docs.google.com/persistent/docs/fonts/ijwRs57lRMAkZYJiwPkexkNE.woff2:0
[  100921ms] [ERROR] Failed to load resource: net::ERR_FILE_NOT_FOUND @ filesystem:https://docs.google.com/persistent/docs/fonts/ijwTs57lRMAkZYJiwPkexnNDfJ4.woff2:0
[  100922ms] [ERROR] Failed to load resource: net::ERR_FILE_NOT_FOUND @ filesystem:https://docs.google.com/persistent/docs/fonts/ijwMs57lRMAkZYJiwPkexnv9Wbv_.woff2:0
[  100922ms] [ERROR] Failed to load resource: net::ERR_FILE_NOT_FOUND @ filesystem:https://docs.google.com/persistent/docs/fonts/ijwOs57lRMAkZYJiwPkexnNDRCf_4uQ.woff2:0
[  115131ms] [ERROR] Failed to load resource: net::ERR_FILE_NOT_FOUND @ filesystem:https://docs.google.com/persistent/docs/fonts/ijwRs57lRMAkZYJiwPkexkNE.woff2:0
[  115131ms] [ERROR] Failed to load resource: net::ERR_FILE_NOT_FOUND @ filesystem:https://docs.google.com/persistent/docs/fonts/ijwTs57lRMAkZYJiwPkexnNDfJ4.woff2:0
[  115131ms] [ERROR] Failed to load resource: net::ERR_FILE_NOT_FOUND @ filesystem:https://docs.google.com/persistent/docs/fonts/ijwMs57lRMAkZYJiwPkexnv9Wbv_.woff2:0
[  115131ms] [ERROR] Failed to load resource: net::ERR_FILE_NOT_FOUND @ filesystem:https://docs.google.com/persistent/docs/fonts/ijwOs57lRMAkZYJiwPkexnNDRCf_4uQ.woff2:0
[  124593ms] [ERROR] Failed to load resource: net::ERR_FILE_NOT_FOUND @ filesystem:https://docs.google.com/persistent/docs/fonts/ijwRs57lRMAkZYJiwPkexkNE.woff2:0
[  124594ms] [ERROR] Failed to load resource: net::ERR_FILE_NOT_FOUND @ filesystem:https://docs.google.com/persistent/docs/fonts/ijwTs57lRMAkZYJiwPkexnNDfJ4.woff2:0
[  124594ms] [ERROR] Failed to load resource: net::ERR_FILE_NOT_FOUND @ filesystem:https://docs.google.com/persistent/docs/fonts/ijwMs57lRMAkZYJiwPkexnv9Wbv_.woff2:0
[  124594ms] [ERROR] Failed to load resource: net::ERR_FILE_NOT_FOUND @ filesystem:https://docs.google.com/persistent/docs/fonts/ijwOs57lRMAkZYJiwPkexnNDRCf_4uQ.woff2:0
[  135376ms] [ERROR] Failed to load resource: net::ERR_FILE_NOT_FOUND @ filesystem:https://docs.google.com/persistent/docs/fonts/ijwRs57lRMAkZYJiwPkexkNE.woff2:0
[  135376ms] [ERROR] Failed to load resource: net::ERR_FILE_NOT_FOUND @ filesystem:https://docs.google.com/persistent/docs/fonts/ijwTs57lRMAkZYJiwPkexnNDfJ4.woff2:0
[  135376ms] [ERROR] Failed to load resource: net::ERR_FILE_NOT_FOUND @ filesystem:https://docs.google.com/persistent/docs/fonts/ijwMs57lRMAkZYJiwPkexnv9Wbv_.woff2:0
[  135377ms] [ERROR] Failed to load resource: net::ERR_FILE_NOT_FOUND @ filesystem:https://docs.google.com/persistent/docs/fonts/ijwOs57lRMAkZYJiwPkexnNDRCf_4uQ.woff2:0
